[www.future2030.net/index.html]
[backblue.gif]
[fade.gif]
[index.html]
[www.future2030.net/sitemap.xml]
[www.future2030.net/feed.xml]
[browser.sentry-cdn.com/4.6.2/bundle.min.js]
[static.parastorage.com/unpkg/core-js-bundle@3.2.1/minified.js]
[static.parastorage.com/unpkg/whatwg-fetch@3.0.0/dist/fetch.umd.js]
[static.parastorage.com/services/wix-bolt/1.5735.0/bolt-main/app/bolt-custom-elements.min.js]
[static.parastorage.com/unpkg/requirejs-bolt@2.3.6/requirejs.min.js]
[www.future2030.net/_partials/wix-bolt/1.5735.0/node_modules/viewer-platform-worker/dist/wixcode-worker.js]
[static.parastorage.com/services/skins/2.1229.80/images/wysiwyg/core/themes/base/ironpatern.png]
[static.parastorage.com/services/skins/2.1229.80/images/wysiwyg/core/themes/base/cursor_zoom_out.png]
[static.parastorage.com/services/skins/2.1229.80/images/wysiwyg/core/themes/base/cursor_zoom_in.png]
[static.wixstatic.com/media/418f32_1180bffed8e24520be8df2c2099d4a61_mv2.jpg/v1/crop/x_5,y_0,w_555,h_555/fill/w_89,h_89,al_c,q_80,usm_0.66_1.00_0.01,blur_3/new_final_small_logo3_edited.jpg]
[www.future2030.net/services.html]
[www.future2030.net/dwrat-mjanyh.html]
[www.future2030.net/contact.html]
[static.wixstatic.com/media/418f32_229afbdf67d1405b8699a3bb5e85e092_mv2.png/v1/fill/w_592,h_379,fp_0.50_0.50/418f32_229afbdf67d1405b8699a3bb5e85e092_mv2.png]
[www.future2030.net/hsab-almstkhdm.html]
[static.wixstatic.com/media/adc99d_30cedee0bb4d40d5b4d867b70445e4a5_mv2.png/v1/fill/w_398,h_379,fp_0.50_0.50/adc99d_30cedee0bb4d40d5b4d867b70445e4a5_mv2.png]
[static.wixstatic.com/media/adc99d_325d36954ffb4704ad6a36f49e63781d_mv2.jpg/v1/fill/w_592,h_379,fp_0.50_0.50,q_90/adc99d_325d36954ffb4704ad6a36f49e63781d_mv2.jpg]
[www.future2030.net/index.html]
[www.future2030.net/feed.html]
[www.future2030.net/tsjyl-dkhwl.html]
[static.parastorage.com/services/skins/2.1229.80/images/wysiwyg/core/themes/base/liftedshadow_medium.png]
[www.future2030.net/dwrat-mjanyh.html]
[www.future2030.net/tbkh.html]
[static.wixstatic.com/media/adc99d_63a527751e6246259f069f203d143cad_mv2.jpg/v1/fill/w_154,h_154,al_c,q_80,usm_0.66_1.00_0.01,blur_3/cook_edited.jpg]
[www.future2030.net/kht.html]
[static.wixstatic.com/media/adc99d_a67efa8411264c87a2d38d450b27f128_mv2.jpg/v1/crop/x_0,y_1,w_330,h_331/fill/w_147,h_147,al_c,q_80,usm_0.66_1.00_0.01,blur_3/ARABIC_edited.jpg]
[static.wixstatic.com/media/adc99d_85871deb0604499dba00b83bce9d599d_mv2.jpg/v1/crop/x_143,y_0,w_441,h_533/fill/w_145,h_175,al_c,q_80,usm_0.66_1.00_0.01,blur_3/FITNESS.jpg]
[www.future2030.net/ryadhh.html]
[static.wixstatic.com/media/adc99d_8abea288044149d4bc1c137de00ff646_mv2.jpg/v1/fill/w_152,h_111,al_c,q_80,usm_0.66_1.00_0.01,blur_3/TECH.jpg]
[www.future2030.net/gallery.html]
[www.future2030.net/i.html]
[static.wixstatic.com/media/adc99d_718ebca894844e48a72861a2cb732971_mv2.jpg/v1/crop/x_0,y_57,w_640,h_888/fill/w_124,h_172,al_c,q_80,usm_0.66_1.00_0.01,blur_3/art.jpg]
[www.future2030.net/services.html]
[www.future2030.net/contact.html]
[static.wixstatic.com/media/418f32_0677f2ea11194972ab45a9e3c41f646df000.jpg/v1/fill/w_455,h_270,al_c,q_80,usm_0.66_1.00_0.01/418f32_0677f2ea11194972ab45a9e3c41f646df000.jpg]
[www.future2030.net/hsab-almstkhdm.html]
[www.future2030.net/tsjyl-dkhwl.html]
[www.future2030.net/tbkh.html]
[www.future2030.net/kht.html]
[www.future2030.net/copy-of-alsfhh-alreysyh-llmdrb.html]
[www.future2030.net/ryadhh.html]
[www.future2030.net/gallery.html]
[www.future2030.net/i.html]
[www.future2030.net/copy-of-alalthaq-bwzaef-akhra.html]
[www.future2030.net/copy-of-alalthaq-bwzaef-akhra.html]
[www.future2030.net/copy-of-alsfhh-alreysyh-lmdyr-alnza.html]
[www.future2030.net/copy-of-idhafh-mstkhdm.html]
[www.future2030.net/copy-of-idh-afh-nq-at.html]
[www.future2030.net/copy-of-alsfhh-alreysyh-llmdrb.html]
[www.future2030.net/copy-of-alsfhh-alreysyh-lmdyr-alnza.html]
[www.future2030.net/copy-of-insh-aa-mns-h.html]
[www.future2030.net/copy-of-idhafh-mstkhdm.html]
[www.future2030.net/copy-of-is-dar-shhadat.html]
[static.parastorage.com/services/skins/2.1229.80/images/wysiwyg/core/themes/base/shiny1button_bg.png]
[static.wixstatic.com/media/adc99d_5370ebdd6d264a1eb44c02ef9711485a_mv2.png/v1/fill/w_73,h_73,al_c,usm_0.66_1.00_0.01,blur_3/LINE LOGO.png]
[static.wixstatic.com/media/adc99d_6dbbc1d6429b4c3c82d2ebcfed33a6f0_mv2.png/v1/fill/w_77,h_73,al_c,usm_0.66_1.00_0.01,blur_3/SKYPE.png]
[static.wixstatic.com/media/adc99d_bea073a592e048e9aa1a95a558af694d_mv2.png/v1/fill/w_73,h_73,al_c,usm_0.66_1.00_0.01,blur_3/ZOOM.png]
[www.future2030.net/copy-of-idh-afh-nq-at.html]
[www.future2030.net/copy-of-insh-aa-mns-h.html]
[www.future2030.net/copy-of-is-dar-shhadat.html]
